// Jest Snapshot v1, https://goo.gl/fbAQLP

exports[`Search Controller  should get search result with object 1`] = `
{
  "decidedAt": "2023-01-31T17:00:00.000Z",
  "description": "my description",
  "ids": [
    "id1",
    "id2",
    "id3",
  ],
  "moduleNo": "my moduleNo",
  "remark": "my remark",
}
`;

exports[`Search Controller  should get search success with instance 1`] = `
{
  "decidedAt": "2023-01-31T17:00:00.000Z",
  "description": "my description",
  "ids": [
    "id1",
    "id2",
    "id3",
  ],
  "moduleNo": "my moduleNo",
  "remark": "my remark",
}
`;
