// Jest Snapshot v1, https://goo.gl/fbAQLP

exports[`Search DTO Request should validate failure with object 1`] = `
[
  ValidationError {
    "children": [
      ValidationError {
        "children": [],
        "constraints": {
          "isString": "description must be a string",
        },
        "property": "description",
        "target": SearchArgs {
          "decidedAt": RangeDateArgs {
            "from": 2023-01-31T17:00:00.000Z,
            "to": 2024-01-31T17:00:00.000Z,
          },
          "description": 1000,
          "moduleNo": 10,
          "remark": "remark",
          "title": "title",
        },
        "value": 1000,
      },
      ValidationError {
        "children": [],
        "constraints": {
          "isString": "moduleNo must be a string",
        },
        "property": "moduleNo",
        "target": SearchArgs {
          "decidedAt": RangeDateArgs {
            "from": 2023-01-31T17:00:00.000Z,
            "to": 2024-01-31T17:00:00.000Z,
          },
          "description": 1000,
          "moduleNo": 10,
          "remark": "remark",
          "title": "title",
        },
        "value": 10,
      },
    ],
    "property": "search",
    "target": SearchRequest {
      "search": SearchArgs {
        "decidedAt": RangeDateArgs {
          "from": 2023-01-31T17:00:00.000Z,
          "to": 2024-01-31T17:00:00.000Z,
        },
        "description": 1000,
        "moduleNo": 10,
        "remark": "remark",
        "title": "title",
      },
      "sort": SortArgs {
        "decidedAt": true,
        "description": true,
        "moduleNo": true,
        "status": true,
      },
    },
    "value": SearchArgs {
      "decidedAt": RangeDateArgs {
        "from": 2023-01-31T17:00:00.000Z,
        "to": 2024-01-31T17:00:00.000Z,
      },
      "description": 1000,
      "moduleNo": 10,
      "remark": "remark",
      "title": "title",
    },
  },
]
`;
